ARM Linker, 5.03 [Build 76] [MDK-ARM Standard]

==============================================================================

Section Cross References

    startup_stm32f10x_hd.o(RESET) refers to startup_stm32f10x_hd.o(STACK) for __initial_sp
    startup_stm32f10x_hd.o(RESET) refers to startup_stm32f10x_hd.o(.text) for Reset_Handler
    startup_stm32f10x_hd.o(RESET) refers to main.o(i.SysTick_Handler) for SysTick_Handler
    startup_stm32f10x_hd.o(RESET) refers to stm32f103_uart_u.o(i.USART1_IRQHandler) for USART1_IRQHandler
    startup_stm32f10x_hd.o(.text) refers to system_stm32f10x.o(i.SystemInit) for SystemInit
    startup_stm32f10x_hd.o(.text) refers to entry.o(.ARM.Collect$$$$00000000) for __main
    main.o(i.BT_Config) refers to stm32f10x_gpio.o(i.GPIO_Init) for GPIO_Init
    main.o(i.Delay) refers to main.o(.data) for .data
    main.o(i.RCC_Configuration) refers to system_stm32f10x.o(i.SystemInit) for SystemInit
    main.o(i.RCC_Configuration) refers to stm32f10x_rcc.o(i.RCC_APB2PeriphClockCmd) for RCC_APB2PeriphClockCmd
    main.o(i.SysTick_Handler) refers to main.o(.data) for .data
    main.o(i.SysTick_Handler) refers to stm32f103_uart_u.o(.data) for UartReTimingDelay
    main.o(i.TimingDelay_Decrement) refers to main.o(.data) for .data
    main.o(i.main) refers to main.o(i.RCC_Configuration) for RCC_Configuration
    main.o(i.main) refers to stm32f103_uart_u.o(i.USART_Configuration) for USART_Configuration
    main.o(i.main) refers to stm32f103_uart_u.o(i.UART_Send) for UART_Send
    main.o(i.main) refers to stm32f103_uart_u.o(i.uart_reply) for uart_reply
    main.o(i.main) refers to stm32f103_flash_u.o(i.boot_init) for boot_init
    main.o(i.main) refers to core_cm3.o(.emb_text) for __set_MSP
    main.o(i.main) refers to main.o(.data) for .data
    stm32f103_flash_u.o(i.CRC8_table) refers to stm32f103_flash_u.o(.data) for .data
    stm32f103_flash_u.o(i.FlashReadStr) refers to stm32f103_flash_u.o(.data) for .data
    stm32f103_flash_u.o(i.FlashWriteStr) refers to stm32f10x_flash.o(i.FLASH_Unlock) for FLASH_Unlock
    stm32f103_flash_u.o(i.FlashWriteStr) refers to stm32f10x_flash.o(i.FLASH_ErasePage) for FLASH_ErasePage
    stm32f103_flash_u.o(i.FlashWriteStr) refers to stm32f10x_flash.o(i.FLASH_ProgramHalfWord) for FLASH_ProgramHalfWord
    stm32f103_flash_u.o(i.FlashWriteStr) refers to stm32f10x_flash.o(i.FLASH_Lock) for FLASH_Lock
    stm32f103_flash_u.o(i.FlashWriteStr) refers to stm32f103_flash_u.o(.data) for .data
    stm32f103_flash_u.o(i.boot_init) refers to stm32f103_flash_u.o(i.FlashReadStr) for FlashReadStr
    stm32f103_flash_u.o(i.boot_init) refers to stm32f103_flash_u.o(i.CRC8_table) for CRC8_table
    stm32f103_flash_u.o(i.boot_init) refers to stm32f103_flash_u.o(i.code_crc8) for code_crc8
    stm32f103_flash_u.o(i.boot_init) refers to stm32f103_flash_u.o(i.FlashWriteStr) for FlashWriteStr
    stm32f103_flash_u.o(i.boot_init) refers to stm32f103_uart_u.o(.bss) for st_code_info
    stm32f103_flash_u.o(i.boot_init) refers to stm32f103_flash_u.o(.bss) for .bss
    stm32f103_flash_u.o(i.code_crc8) refers to stm32f103_flash_u.o(i.FlashReadStr) for FlashReadStr
    stm32f103_flash_u.o(i.code_crc8) refers to stm32f103_flash_u.o(i.CRC8_table) for CRC8_table
    stm32f103_flash_u.o(i.code_crc8) refers to stm32f103_flash_u.o(.bss) for .bss
    stm32f103_uart_u.o(i.NVIC_Configuration) refers to misc.o(i.NVIC_PriorityGroupConfig) for NVIC_PriorityGroupConfig
    stm32f103_uart_u.o(i.NVIC_Configuration) refers to misc.o(i.NVIC_Init) for NVIC_Init
    stm32f103_uart_u.o(i.UART_Send) refers to stm32f103_uart_u.o(i.UART_send_byte) for UART_send_byte
    stm32f103_uart_u.o(i.UART_send_byte) refers to stm32f10x_usart.o(i.USART_SendData) for USART_SendData
    stm32f103_uart_u.o(i.UART_send_byte) refers to stm32f10x_usart.o(i.USART_GetFlagStatus) for USART_GetFlagStatus
    stm32f103_uart_u.o(i.USART1_IRQHandler) refers to stm32f10x_usart.o(i.USART_GetITStatus) for USART_GetITStatus
    stm32f103_uart_u.o(i.USART1_IRQHandler) refers to stm32f10x_usart.o(i.USART_ReceiveData) for USART_ReceiveData
    stm32f103_uart_u.o(i.USART1_IRQHandler) refers to stm32f103_flash_u.o(i.CRC8_table) for CRC8_table
    stm32f103_uart_u.o(i.USART1_IRQHandler) refers to stm32f10x_usart.o(i.USART_ITConfig) for USART_ITConfig
    stm32f103_uart_u.o(i.USART1_IRQHandler) refers to stm32f103_uart_u.o(.data) for .data
    stm32f103_uart_u.o(i.USART1_IRQHandler) refers to stm32f103_uart_u.o(.bss) for .bss
    stm32f103_uart_u.o(i.USART1_IRQHandler) refers to main.o(.data) for TimingDelay
    stm32f103_uart_u.o(i.USART_Configuration) refers to stm32f103_uart_u.o(i.NVIC_Configuration) for NVIC_Configuration
    stm32f103_uart_u.o(i.USART_Configuration) refers to stm32f10x_gpio.o(i.GPIO_Init) for GPIO_Init
    stm32f103_uart_u.o(i.USART_Configuration) refers to stm32f10x_usart.o(i.USART_Init) for USART_Init
    stm32f103_uart_u.o(i.USART_Configuration) refers to stm32f10x_usart.o(i.USART_ITConfig) for USART_ITConfig
    stm32f103_uart_u.o(i.USART_Configuration) refers to stm32f10x_usart.o(i.USART_Cmd) for USART_Cmd
    stm32f103_uart_u.o(i.uart_reply) refers to memseta.o(.text) for __aeabi_memclr4
    stm32f103_uart_u.o(i.uart_reply) refers to stm32f103_flash_u.o(i.FlashReadStr) for FlashReadStr
    stm32f103_uart_u.o(i.uart_reply) refers to stm32f103_flash_u.o(i.FlashWriteStr) for FlashWriteStr
    stm32f103_uart_u.o(i.uart_reply) refers to stm32f103_flash_u.o(i.CRC8_table) for CRC8_table
    stm32f103_uart_u.o(i.uart_reply) refers to stm32f103_uart_u.o(i.UART_Send) for UART_Send
    stm32f103_uart_u.o(i.uart_reply) refers to stm32f103_uart_u.o(.bss) for .bss
    stm32f103_uart_u.o(i.uart_reply) refers to stm32f103_uart_u.o(.data) for .data
    stm32f103_uart_u.o(i.uart_reply) refers to stm32f103_flash_u.o(.bss) for flash_page_data
    stm32f10x_gpio.o(i.GPIO_AFIODeInit) refers to stm32f10x_rcc.o(i.RCC_APB2PeriphResetCmd) for RCC_APB2PeriphResetCmd
    stm32f10x_gpio.o(i.GPIO_DeInit) refers to stm32f10x_rcc.o(i.RCC_APB2PeriphResetCmd) for RCC_APB2PeriphResetCmd
    stm32f10x_rcc.o(i.RCC_GetClocksFreq) refers to stm32f10x_rcc.o(.data) for .data
    stm32f10x_rcc.o(i.RCC_WaitForHSEStartUp) refers to stm32f10x_rcc.o(i.RCC_GetFlagStatus) for RCC_GetFlagStatus
    stm32f10x_flash.o(i.FLASH_EnableWriteProtection) refers to stm32f10x_flash.o(i.FLASH_WaitForLastOperation) for FLASH_WaitForLastOperation
    stm32f10x_flash.o(i.FLASH_EraseAllBank1Pages) refers to stm32f10x_flash.o(i.FLASH_WaitForLastBank1Operation) for FLASH_WaitForLastBank1Operation
    stm32f10x_flash.o(i.FLASH_EraseAllPages) refers to stm32f10x_flash.o(i.FLASH_WaitForLastOperation) for FLASH_WaitForLastOperation
    stm32f10x_flash.o(i.FLASH_EraseOptionBytes) refers to stm32f10x_flash.o(i.FLASH_GetReadOutProtectionStatus) for FLASH_GetReadOutProtectionStatus
    stm32f10x_flash.o(i.FLASH_EraseOptionBytes) refers to stm32f10x_flash.o(i.FLASH_WaitForLastOperation) for FLASH_WaitForLastOperation
    stm32f10x_flash.o(i.FLASH_ErasePage) refers to stm32f10x_flash.o(i.FLASH_WaitForLastOperation) for FLASH_WaitForLastOperation
    stm32f10x_flash.o(i.FLASH_ProgramHalfWord) refers to stm32f10x_flash.o(i.FLASH_WaitForLastOperation) for FLASH_WaitForLastOperation
    stm32f10x_flash.o(i.FLASH_ProgramOptionByteData) refers to stm32f10x_flash.o(i.FLASH_WaitForLastOperation) for FLASH_WaitForLastOperation
    stm32f10x_flash.o(i.FLASH_ProgramWord) refers to stm32f10x_flash.o(i.FLASH_WaitForLastOperation) for FLASH_WaitForLastOperation
    stm32f10x_flash.o(i.FLASH_ReadOutProtection) refers to stm32f10x_flash.o(i.FLASH_WaitForLastOperation) for FLASH_WaitForLastOperation
    stm32f10x_flash.o(i.FLASH_UserOptionByteConfig) refers to stm32f10x_flash.o(i.FLASH_WaitForLastOperation) for FLASH_WaitForLastOperation
    stm32f10x_flash.o(i.FLASH_WaitForLastBank1Operation) refers to stm32f10x_flash.o(i.FLASH_GetBank1Status) for FLASH_GetBank1Status
    stm32f10x_flash.o(i.FLASH_WaitForLastOperation) refers to stm32f10x_flash.o(i.FLASH_GetBank1Status) for FLASH_GetBank1Status
    stm32f10x_usart.o(i.USART_DeInit) refers to stm32f10x_rcc.o(i.RCC_APB2PeriphResetCmd) for RCC_APB2PeriphResetCmd
    stm32f10x_usart.o(i.USART_DeInit) refers to stm32f10x_rcc.o(i.RCC_APB1PeriphResetCmd) for RCC_APB1PeriphResetCmd
    stm32f10x_usart.o(i.USART_Init) refers to stm32f10x_rcc.o(i.RCC_GetClocksFreq) for RCC_GetClocksFreq
    system_stm32f10x.o(i.SystemCoreClockUpdate) refers to system_stm32f10x.o(.data) for .data
    system_stm32f10x.o(i.SystemInit) refers to system_stm32f10x.o(i.SetSysClockTo72) for SetSysClockTo72
    entry.o(.ARM.Collect$$$$00000000) refers (Special) to entry10a.o(.ARM.Collect$$$$0000000D) for __rt_final_cpp
    entry.o(.ARM.Collect$$$$00000000) refers (Special) to entry11a.o(.ARM.Collect$$$$0000000F) for __rt_final_exit
    entry.o(.ARM.Collect$$$$00000000) refers (Special) to entry7b.o(.ARM.Collect$$$$00000008) for _main_clock
    entry.o(.ARM.Collect$$$$00000000) refers (Special) to entry8b.o(.ARM.Collect$$$$0000000A) for _main_cpp_init
    entry.o(.ARM.Collect$$$$00000000) refers (Special) to entry9a.o(.ARM.Collect$$$$0000000B) for _main_init
    entry.o(.ARM.Collect$$$$00000000) refers (Special) to entry5.o(.ARM.Collect$$$$00000004) for _main_scatterload
    entry.o(.ARM.Collect$$$$00000000) refers (Special) to entry2.o(.ARM.Collect$$$$00000001) for _main_stk
    entry2.o(.ARM.Collect$$$$00000001) refers to entry2.o(.ARM.Collect$$$$00002712) for __lit__00000000
    entry2.o(.ARM.Collect$$$$00002712) refers to startup_stm32f10x_hd.o(STACK) for __initial_sp
    entry2.o(__vectab_stack_and_reset_area) refers to startup_stm32f10x_hd.o(STACK) for __initial_sp
    entry2.o(__vectab_stack_and_reset_area) refers to entry.o(.ARM.Collect$$$$00000000) for __main
    entry5.o(.ARM.Collect$$$$00000004) refers to init.o(.text) for __scatterload
    entry9a.o(.ARM.Collect$$$$0000000B) refers to main.o(i.main) for main
    entry9b.o(.ARM.Collect$$$$0000000C) refers to main.o(i.main) for main
    init.o(.text) refers to entry5.o(.ARM.Collect$$$$00000004) for __main_after_scatterload


==============================================================================

Removing Unused input sections from the image.

    Removing startup_stm32f10x_hd.o(HEAP), (512 bytes).
    Removing main.o(i.BT_Config), (36 bytes).
    Removing main.o(i.Delay), (20 bytes).
    Removing main.o(i.TimingDelay_Decrement), (20 bytes).
    Removing stm32f103_uart_u.o(.data), (1 bytes).
    Removing stm32f103_uart_u.o(.data), (1 bytes).
    Removing stm32f103_uart_u.o(.data), (1 bytes).
    Removing stm32f103_uart_u.o(.data), (4 bytes).
    Removing stm32f10x_gpio.o(i.GPIO_AFIODeInit), (22 bytes).
    Removing stm32f10x_gpio.o(i.GPIO_DeInit), (180 bytes).
    Removing stm32f10x_gpio.o(i.GPIO_ETH_MediaInterfaceConfig), (12 bytes).
    Removing stm32f10x_gpio.o(i.GPIO_EXTILineConfig), (40 bytes).
    Removing stm32f10x_gpio.o(i.GPIO_EventOutputCmd), (12 bytes).
    Removing stm32f10x_gpio.o(i.GPIO_EventOutputConfig), (28 bytes).
    Removing stm32f10x_gpio.o(i.GPIO_PinLockConfig), (16 bytes).
    Removing stm32f10x_gpio.o(i.GPIO_PinRemapConfig), (88 bytes).
    Removing stm32f10x_gpio.o(i.GPIO_ReadInputData), (6 bytes).
    Removing stm32f10x_gpio.o(i.GPIO_ReadInputDataBit), (14 bytes).
    Removing stm32f10x_gpio.o(i.GPIO_ReadOutputData), (6 bytes).
    Removing stm32f10x_gpio.o(i.GPIO_ReadOutputDataBit), (14 bytes).
    Removing stm32f10x_gpio.o(i.GPIO_ResetBits), (4 bytes).
    Removing stm32f10x_gpio.o(i.GPIO_SetBits), (4 bytes).
    Removing stm32f10x_gpio.o(i.GPIO_StructInit), (16 bytes).
    Removing stm32f10x_gpio.o(i.GPIO_Write), (4 bytes).
    Removing stm32f10x_gpio.o(i.GPIO_WriteBit), (10 bytes).
    Removing stm32f10x_rcc.o(i.RCC_ADCCLKConfig), (20 bytes).
    Removing stm32f10x_rcc.o(i.RCC_AHBPeriphClockCmd), (24 bytes).
    Removing stm32f10x_rcc.o(i.RCC_APB1PeriphClockCmd), (24 bytes).
    Removing stm32f10x_rcc.o(i.RCC_APB1PeriphResetCmd), (24 bytes).
    Removing stm32f10x_rcc.o(i.RCC_APB2PeriphResetCmd), (24 bytes).
    Removing stm32f10x_rcc.o(i.RCC_AdjustHSICalibrationValue), (20 bytes).
    Removing stm32f10x_rcc.o(i.RCC_BackupResetCmd), (12 bytes).
    Removing stm32f10x_rcc.o(i.RCC_ClearFlag), (16 bytes).
    Removing stm32f10x_rcc.o(i.RCC_ClearITPendingBit), (12 bytes).
    Removing stm32f10x_rcc.o(i.RCC_ClockSecuritySystemCmd), (12 bytes).
    Removing stm32f10x_rcc.o(i.RCC_DeInit), (64 bytes).
    Removing stm32f10x_rcc.o(i.RCC_GetFlagStatus), (48 bytes).
    Removing stm32f10x_rcc.o(i.RCC_GetITStatus), (20 bytes).
    Removing stm32f10x_rcc.o(i.RCC_GetSYSCLKSource), (16 bytes).
    Removing stm32f10x_rcc.o(i.RCC_HCLKConfig), (20 bytes).
    Removing stm32f10x_rcc.o(i.RCC_HSEConfig), (52 bytes).
    Removing stm32f10x_rcc.o(i.RCC_HSICmd), (12 bytes).
    Removing stm32f10x_rcc.o(i.RCC_ITConfig), (24 bytes).
    Removing stm32f10x_rcc.o(i.RCC_LSEConfig), (32 bytes).
    Removing stm32f10x_rcc.o(i.RCC_LSICmd), (12 bytes).
    Removing stm32f10x_rcc.o(i.RCC_MCOConfig), (12 bytes).
    Removing stm32f10x_rcc.o(i.RCC_PCLK1Config), (20 bytes).
    Removing stm32f10x_rcc.o(i.RCC_PCLK2Config), (20 bytes).
    Removing stm32f10x_rcc.o(i.RCC_PLLCmd), (12 bytes).
    Removing stm32f10x_rcc.o(i.RCC_PLLConfig), (20 bytes).
    Removing stm32f10x_rcc.o(i.RCC_RTCCLKCmd), (12 bytes).
    Removing stm32f10x_rcc.o(i.RCC_RTCCLKConfig), (16 bytes).
    Removing stm32f10x_rcc.o(i.RCC_SYSCLKConfig), (20 bytes).
    Removing stm32f10x_rcc.o(i.RCC_USBCLKConfig), (12 bytes).
    Removing stm32f10x_rcc.o(i.RCC_WaitForHSEStartUp), (44 bytes).
    Removing misc.o(i.NVIC_SetVectorTable), (20 bytes).
    Removing misc.o(i.NVIC_SystemLPConfig), (24 bytes).
    Removing misc.o(i.SysTick_CLKSourceConfig), (24 bytes).
    Removing stm32f10x_flash.o(i.FLASH_ClearFlag), (12 bytes).
    Removing stm32f10x_flash.o(i.FLASH_EnableWriteProtection), (172 bytes).
    Removing stm32f10x_flash.o(i.FLASH_EraseAllBank1Pages), (56 bytes).
    Removing stm32f10x_flash.o(i.FLASH_EraseAllPages), (56 bytes).
    Removing stm32f10x_flash.o(i.FLASH_EraseOptionBytes), (124 bytes).
    Removing stm32f10x_flash.o(i.FLASH_GetFlagStatus), (32 bytes).
    Removing stm32f10x_flash.o(i.FLASH_GetPrefetchBufferStatus), (20 bytes).
    Removing stm32f10x_flash.o(i.FLASH_GetReadOutProtectionStatus), (20 bytes).
    Removing stm32f10x_flash.o(i.FLASH_GetStatus), (40 bytes).
    Removing stm32f10x_flash.o(i.FLASH_GetUserOptionByte), (12 bytes).
    Removing stm32f10x_flash.o(i.FLASH_GetWriteProtectionOptionByte), (12 bytes).
    Removing stm32f10x_flash.o(i.FLASH_HalfCycleAccessCmd), (24 bytes).
    Removing stm32f10x_flash.o(i.FLASH_ITConfig), (24 bytes).
    Removing stm32f10x_flash.o(i.FLASH_LockBank1), (16 bytes).
    Removing stm32f10x_flash.o(i.FLASH_PrefetchBufferCmd), (24 bytes).
    Removing stm32f10x_flash.o(i.FLASH_ProgramOptionByteData), (76 bytes).
    Removing stm32f10x_flash.o(i.FLASH_ProgramWord), (80 bytes).
    Removing stm32f10x_flash.o(i.FLASH_ReadOutProtection), (136 bytes).
    Removing stm32f10x_flash.o(i.FLASH_SetLatency), (20 bytes).
    Removing stm32f10x_flash.o(i.FLASH_UnlockBank1), (24 bytes).
    Removing stm32f10x_flash.o(i.FLASH_UserOptionByteConfig), (96 bytes).
    Removing stm32f10x_flash.o(i.FLASH_WaitForLastBank1Operation), (36 bytes).
    Removing stm32f10x_usart.o(i.USART_ClearFlag), (6 bytes).
    Removing stm32f10x_usart.o(i.USART_ClearITPendingBit), (12 bytes).
    Removing stm32f10x_usart.o(i.USART_ClockInit), (30 bytes).
    Removing stm32f10x_usart.o(i.USART_ClockStructInit), (12 bytes).
    Removing stm32f10x_usart.o(i.USART_DMACmd), (16 bytes).
    Removing stm32f10x_usart.o(i.USART_DeInit), (116 bytes).
    Removing stm32f10x_usart.o(i.USART_HalfDuplexCmd), (20 bytes).
    Removing stm32f10x_usart.o(i.USART_IrDACmd), (20 bytes).
    Removing stm32f10x_usart.o(i.USART_IrDAConfig), (16 bytes).
    Removing stm32f10x_usart.o(i.USART_LINBreakDetectLengthConfig), (16 bytes).
    Removing stm32f10x_usart.o(i.USART_LINCmd), (20 bytes).
    Removing stm32f10x_usart.o(i.USART_OneBitMethodCmd), (20 bytes).
    Removing stm32f10x_usart.o(i.USART_OverSampling8Cmd), (20 bytes).
    Removing stm32f10x_usart.o(i.USART_ReceiverWakeUpCmd), (20 bytes).
    Removing stm32f10x_usart.o(i.USART_SendBreak), (10 bytes).
    Removing stm32f10x_usart.o(i.USART_SetAddress), (16 bytes).
    Removing stm32f10x_usart.o(i.USART_SetGuardTime), (16 bytes).
    Removing stm32f10x_usart.o(i.USART_SetPrescaler), (16 bytes).
    Removing stm32f10x_usart.o(i.USART_SmartCardCmd), (20 bytes).
    Removing stm32f10x_usart.o(i.USART_SmartCardNACKCmd), (20 bytes).
    Removing stm32f10x_usart.o(i.USART_StructInit), (22 bytes).
    Removing stm32f10x_usart.o(i.USART_WakeUpConfig), (16 bytes).
    Removing system_stm32f10x.o(i.SystemCoreClockUpdate), (104 bytes).
    Removing system_stm32f10x.o(.data), (20 bytes).

104 unused section(s) (total 3531 bytes) removed from the image.

==============================================================================

Image Symbol Table

    Local Symbols

    Symbol Name                              Value     Ov Type        Size  Object(Section)

    ../clib/../cmprslib/zerorunl.c           0x00000000   Number         0  __dczerorl.o ABSOLUTE
    ../clib/microlib/init/entry.s            0x00000000   Number         0  entry.o ABSOLUTE
    ../clib/microlib/init/entry.s            0x00000000   Number         0  entry11a.o ABSOLUTE
    ../clib/microlib/init/entry.s            0x00000000   Number         0  entry2.o ABSOLUTE
    ../clib/microlib/init/entry.s            0x00000000   Number         0  entry10a.o ABSOLUTE
    ../clib/microlib/init/entry.s            0x00000000   Number         0  entry9b.o ABSOLUTE
    ../clib/microlib/init/entry.s            0x00000000   Number         0  entry5.o ABSOLUTE
    ../clib/microlib/init/entry.s            0x00000000   Number         0  entry10b.o ABSOLUTE
    ../clib/microlib/init/entry.s            0x00000000   Number         0  entry9a.o ABSOLUTE
    ../clib/microlib/init/entry.s            0x00000000   Number         0  entry7a.o ABSOLUTE
    ../clib/microlib/init/entry.s            0x00000000   Number         0  entry8b.o ABSOLUTE
    ../clib/microlib/init/entry.s            0x00000000   Number         0  entry8a.o ABSOLUTE
    ../clib/microlib/init/entry.s            0x00000000   Number         0  entry7b.o ABSOLUTE
    ../clib/microlib/init/entry.s            0x00000000   Number         0  entry11b.o ABSOLUTE
    ../clib/microlib/string/memset.c         0x00000000   Number         0  memseta.o ABSOLUTE
    CM3\\core_cm3.c                          0x00000000   Number         0  core_cm3.o ABSOLUTE
    CM3\core_cm3.c                           0x00000000   Number         0  core_cm3.o ABSOLUTE
    CM3\system_stm32f10x.c                   0x00000000   Number         0  system_stm32f10x.o ABSOLUTE
    FWlib\SRC\misc.c                         0x00000000   Number         0  misc.o ABSOLUTE
    FWlib\SRC\stm32f10x_flash.c              0x00000000   Number         0  stm32f10x_flash.o ABSOLUTE
    FWlib\SRC\stm32f10x_gpio.c               0x00000000   Number         0  stm32f10x_gpio.o ABSOLUTE
    FWlib\SRC\stm32f10x_rcc.c                0x00000000   Number         0  stm32f10x_rcc.o ABSOLUTE
    FWlib\SRC\stm32f10x_usart.c              0x00000000   Number         0  stm32f10x_usart.o ABSOLUTE
    dc.s                                     0x00000000   Number         0  dc.o ABSOLUTE
    handlers.s                               0x00000000   Number         0  handlers.o ABSOLUTE
    init.s                                   0x00000000   Number         0  init.o ABSOLUTE
    startup\startup_stm32f10x_hd.s           0x00000000   Number         0  startup_stm32f10x_hd.o ABSOLUTE
    user\main.c                              0x00000000   Number         0  main.o ABSOLUTE
    user\stm32f103_flash_u.c                 0x00000000   Number         0  stm32f103_flash_u.o ABSOLUTE
    user\stm32f103_uart_u.c                  0x00000000   Number         0  stm32f103_uart_u.o ABSOLUTE
    RESET                                    0x08000000   Section      304  startup_stm32f10x_hd.o(RESET)
    .ARM.Collect$$$$00000000                 0x08000130   Section        0  entry.o(.ARM.Collect$$$$00000000)
    .ARM.Collect$$$$00000001                 0x08000130   Section        4  entry2.o(.ARM.Collect$$$$00000001)
    .ARM.Collect$$$$00000004                 0x08000134   Section        4  entry5.o(.ARM.Collect$$$$00000004)
    .ARM.Collect$$$$00000008                 0x08000138   Section        0  entry7b.o(.ARM.Collect$$$$00000008)
    .ARM.Collect$$$$0000000A                 0x08000138   Section        0  entry8b.o(.ARM.Collect$$$$0000000A)
    .ARM.Collect$$$$0000000B                 0x08000138   Section        8  entry9a.o(.ARM.Collect$$$$0000000B)
    .ARM.Collect$$$$0000000D                 0x08000140   Section        0  entry10a.o(.ARM.Collect$$$$0000000D)
    .ARM.Collect$$$$0000000F                 0x08000140   Section        0  entry11a.o(.ARM.Collect$$$$0000000F)
    .ARM.Collect$$$$00002712                 0x08000140   Section        4  entry2.o(.ARM.Collect$$$$00002712)
    __lit__00000000                          0x08000140   Data           4  entry2.o(.ARM.Collect$$$$00002712)
    .emb_text                                0x08000144   Section       32  core_cm3.o(.emb_text)
    .text                                    0x08000164   Section       36  startup_stm32f10x_hd.o(.text)
    .text                                    0x08000188   Section        0  memseta.o(.text)
    .text                                    0x080001ac   Section       36  init.o(.text)
    .text                                    0x080001d0   Section        0  __dczerorl.o(.text)
    i.CRC8_table                             0x0800020c   Section        0  stm32f103_flash_u.o(i.CRC8_table)
    i.FLASH_ErasePage                        0x08000228   Section        0  stm32f10x_flash.o(i.FLASH_ErasePage)
    i.FLASH_GetBank1Status                   0x08000264   Section        0  stm32f10x_flash.o(i.FLASH_GetBank1Status)
    i.FLASH_Lock                             0x0800028c   Section        0  stm32f10x_flash.o(i.FLASH_Lock)
    i.FLASH_ProgramHalfWord                  0x0800029c   Section        0  stm32f10x_flash.o(i.FLASH_ProgramHalfWord)
    i.FLASH_Unlock                           0x080002d0   Section        0  stm32f10x_flash.o(i.FLASH_Unlock)
    i.FLASH_WaitForLastOperation             0x080002e8   Section        0  stm32f10x_flash.o(i.FLASH_WaitForLastOperation)
    i.FlashReadStr                           0x0800030c   Section        0  stm32f103_flash_u.o(i.FlashReadStr)
    i.FlashWriteStr                          0x08000340   Section        0  stm32f103_flash_u.o(i.FlashWriteStr)
    i.GPIO_Init                              0x0800038c   Section        0  stm32f10x_gpio.o(i.GPIO_Init)
    i.NVIC_Configuration                     0x0800042a   Section        0  stm32f103_uart_u.o(i.NVIC_Configuration)
    i.NVIC_Init                              0x08000454   Section        0  misc.o(i.NVIC_Init)
    i.NVIC_PriorityGroupConfig               0x080004b8   Section        0  misc.o(i.NVIC_PriorityGroupConfig)
    i.RCC_APB2PeriphClockCmd                 0x080004cc   Section        0  stm32f10x_rcc.o(i.RCC_APB2PeriphClockCmd)
    i.RCC_Configuration                      0x080004e4   Section        0  main.o(i.RCC_Configuration)
    i.RCC_GetClocksFreq                      0x080004f8   Section        0  stm32f10x_rcc.o(i.RCC_GetClocksFreq)
    i.SetSysClockTo72                        0x0800058c   Section        0  system_stm32f10x.o(i.SetSysClockTo72)
    SetSysClockTo72                          0x0800058d   Thumb Code   160  system_stm32f10x.o(i.SetSysClockTo72)
    i.SysTick_Handler                        0x08000634   Section        0  main.o(i.SysTick_Handler)
    i.SystemInit                             0x08000658   Section        0  system_stm32f10x.o(i.SystemInit)
    i.UART_Send                              0x080006a8   Section        0  stm32f103_uart_u.o(i.UART_Send)
    i.UART_send_byte                         0x080006c0   Section        0  stm32f103_uart_u.o(i.UART_send_byte)
    i.USART1_IRQHandler                      0x080006e0   Section        0  stm32f103_uart_u.o(i.USART1_IRQHandler)
    i.USART_Cmd                              0x080007a4   Section        0  stm32f10x_usart.o(i.USART_Cmd)
    i.USART_Configuration                    0x080007b8   Section        0  stm32f103_uart_u.o(i.USART_Configuration)
    i.USART_GetFlagStatus                    0x0800083c   Section        0  stm32f10x_usart.o(i.USART_GetFlagStatus)
    i.USART_GetITStatus                      0x0800084a   Section        0  stm32f10x_usart.o(i.USART_GetITStatus)
    i.USART_ITConfig                         0x08000888   Section        0  stm32f10x_usart.o(i.USART_ITConfig)
    i.USART_Init                             0x080008b8   Section        0  stm32f10x_usart.o(i.USART_Init)
    i.USART_ReceiveData                      0x0800096c   Section        0  stm32f10x_usart.o(i.USART_ReceiveData)
    i.USART_SendData                         0x08000974   Section        0  stm32f10x_usart.o(i.USART_SendData)
    i.__scatterload_copy                     0x0800097c   Section       14  handlers.o(i.__scatterload_copy)
    i.__scatterload_null                     0x0800098a   Section        2  handlers.o(i.__scatterload_null)
    i.__scatterload_zeroinit                 0x0800098c   Section       14  handlers.o(i.__scatterload_zeroinit)
    i.boot_init                              0x0800099c   Section        0  stm32f103_flash_u.o(i.boot_init)
    i.code_crc8                              0x08000a80   Section        0  stm32f103_flash_u.o(i.code_crc8)
    i.main                                   0x08000adc   Section        0  main.o(i.main)
    i.uart_reply                             0x08000b94   Section        0  stm32f103_uart_u.o(i.uart_reply)
    .data                                    0x20000000   Section       16  main.o(.data)
    .data                                    0x20000010   Section      260  stm32f103_flash_u.o(.data)
    .data                                    0x20000114   Section       20  stm32f103_uart_u.o(.data)
    length                                   0x20000118   Data           2  stm32f103_uart_u.o(.data)
    .data                                    0x20000128   Section       20  stm32f10x_rcc.o(.data)
    ADCPrescTable                            0x20000128   Data           4  stm32f10x_rcc.o(.data)
    APBAHBPrescTable                         0x2000012c   Data          16  stm32f10x_rcc.o(.data)
    .bss                                     0x2000013c   Section     2048  stm32f103_flash_u.o(.bss)
    .bss                                     0x2000093c   Section      284  stm32f103_uart_u.o(.bss)
    STACK                                    0x20000a58   Section     1024  startup_stm32f10x_hd.o(STACK)

    Global Symbols

    Symbol Name                              Value     Ov Type        Size  Object(Section)

    BuildAttributes$$THM_ISAv4$P$D$K$B$S$PE$A:L22UL41UL21$X:L11$S22US41US21$IEEE1$IW$USESV6$~STKCKD$USESV7$~SHL$OSPACE$EBA8$MICROLIB$REQ8$PRES8$EABIv2 0x00000000   Number         0  anon$$obj.o ABSOLUTE
    __ARM_use_no_argv                        0x00000000   Number         0  main.o ABSOLUTE
    __cpp_initialize__aeabi_                  - Undefined Weak Reference
    __cxa_finalize                            - Undefined Weak Reference
    _clock_init                               - Undefined Weak Reference
    _microlib_exit                            - Undefined Weak Reference
    __Vectors_Size                           0x00000130   Number         0  startup_stm32f10x_hd.o ABSOLUTE
    __Vectors                                0x08000000   Data           4  startup_stm32f10x_hd.o(RESET)
    __Vectors_End                            0x08000130   Data           0  startup_stm32f10x_hd.o(RESET)
    __main                                   0x08000131   Thumb Code     0  entry.o(.ARM.Collect$$$$00000000)
    _main_stk                                0x08000131   Thumb Code     0  entry2.o(.ARM.Collect$$$$00000001)
    _main_scatterload                        0x08000135   Thumb Code     0  entry5.o(.ARM.Collect$$$$00000004)
    __main_after_scatterload                 0x08000139   Thumb Code     0  entry5.o(.ARM.Collect$$$$00000004)
    _main_clock                              0x08000139   Thumb Code     0  entry7b.o(.ARM.Collect$$$$00000008)
    _main_cpp_init                           0x08000139   Thumb Code     0  entry8b.o(.ARM.Collect$$$$0000000A)
    _main_init                               0x08000139   Thumb Code     0  entry9a.o(.ARM.Collect$$$$0000000B)
    __rt_final_cpp                           0x08000141   Thumb Code     0  entry10a.o(.ARM.Collect$$$$0000000D)
    __rt_final_exit                          0x08000141   Thumb Code     0  entry11a.o(.ARM.Collect$$$$0000000F)
    __get_PSP                                0x08000145   Thumb Code     6  core_cm3.o(.emb_text)
    __set_PSP                                0x0800014b   Thumb Code     6  core_cm3.o(.emb_text)
    __get_MSP                                0x08000151   Thumb Code     6  core_cm3.o(.emb_text)
    __set_MSP                                0x08000157   Thumb Code     6  core_cm3.o(.emb_text)
    __REV16                                  0x0800015d   Thumb Code     4  core_cm3.o(.emb_text)
    __REVSH                                  0x08000161   Thumb Code     4  core_cm3.o(.emb_text)
    Reset_Handler                            0x08000165   Thumb Code     8  startup_stm32f10x_hd.o(.text)
    NMI_Handler                              0x0800016d   Thumb Code     2  startup_stm32f10x_hd.o(.text)
    HardFault_Handler                        0x0800016f   Thumb Code     2  startup_stm32f10x_hd.o(.text)
    MemManage_Handler                        0x08000171   Thumb Code     2  startup_stm32f10x_hd.o(.text)
    BusFault_Handler                         0x08000173   Thumb Code     2  startup_stm32f10x_hd.o(.text)
    UsageFault_Handler                       0x08000175   Thumb Code     2  startup_stm32f10x_hd.o(.text)
    SVC_Handler                              0x08000177   Thumb Code     2  startup_stm32f10x_hd.o(.text)
    DebugMon_Handler                         0x08000179   Thumb Code     2  startup_stm32f10x_hd.o(.text)
    PendSV_Handler                           0x0800017b   Thumb Code     2  startup_stm32f10x_hd.o(.text)
    ADC1_2_IRQHandler                        0x0800017f   Thumb Code     0  startup_stm32f10x_hd.o(.text)
    ADC3_IRQHandler                          0x0800017f   Thumb Code     0  startup_stm32f10x_hd.o(.text)
    CAN1_RX1_IRQHandler                      0x0800017f   Thumb Code     0  startup_stm32f10x_hd.o(.text)
    CAN1_SCE_IRQHandler                      0x0800017f   Thumb Code     0  startup_stm32f10x_hd.o(.text)
    DMA1_Channel1_IRQHandler                 0x0800017f   Thumb Code     0  startup_stm32f10x_hd.o(.text)
    DMA1_Channel2_IRQHandler                 0x0800017f   Thumb Code     0  startup_stm32f10x_hd.o(.text)
    DMA1_Channel3_IRQHandler                 0x0800017f   Thumb Code     0  startup_stm32f10x_hd.o(.text)
    DMA1_Channel4_IRQHandler                 0x0800017f   Thumb Code     0  startup_stm32f10x_hd.o(.text)
    DMA1_Channel5_IRQHandler                 0x0800017f   Thumb Code     0  startup_stm32f10x_hd.o(.text)
    DMA1_Channel6_IRQHandler                 0x0800017f   Thumb Code     0  startup_stm32f10x_hd.o(.text)
    DMA1_Channel7_IRQHandler                 0x0800017f   Thumb Code     0  startup_stm32f10x_hd.o(.text)
    DMA2_Channel1_IRQHandler                 0x0800017f   Thumb Code     0  startup_stm32f10x_hd.o(.text)
    DMA2_Channel2_IRQHandler                 0x0800017f   Thumb Code     0  startup_stm32f10x_hd.o(.text)
    DMA2_Channel3_IRQHandler                 0x0800017f   Thumb Code     0  startup_stm32f10x_hd.o(.text)
    DMA2_Channel4_5_IRQHandler               0x0800017f   Thumb Code     0  startup_stm32f10x_hd.o(.text)
    EXTI0_IRQHandler                         0x0800017f   Thumb Code     0  startup_stm32f10x_hd.o(.text)
    EXTI15_10_IRQHandler                     0x0800017f   Thumb Code     0  startup_stm32f10x_hd.o(.text)
    EXTI1_IRQHandler                         0x0800017f   Thumb Code     0  startup_stm32f10x_hd.o(.text)
    EXTI2_IRQHandler                         0x0800017f   Thumb Code     0  startup_stm32f10x_hd.o(.text)
    EXTI3_IRQHandler                         0x0800017f   Thumb Code     0  startup_stm32f10x_hd.o(.text)
    EXTI4_IRQHandler                         0x0800017f   Thumb Code     0  startup_stm32f10x_hd.o(.text)
    EXTI9_5_IRQHandler                       0x0800017f   Thumb Code     0  startup_stm32f10x_hd.o(.text)
    FLASH_IRQHandler                         0x0800017f   Thumb Code     0  startup_stm32f10x_hd.o(.text)
    FSMC_IRQHandler                          0x0800017f   Thumb Code     0  startup_stm32f10x_hd.o(.text)
    I2C1_ER_IRQHandler                       0x0800017f   Thumb Code     0  startup_stm32f10x_hd.o(.text)
    I2C1_EV_IRQHandler                       0x0800017f   Thumb Code     0  startup_stm32f10x_hd.o(.text)
    I2C2_ER_IRQHandler                       0x0800017f   Thumb Code     0  startup_stm32f10x_hd.o(.text)
    I2C2_EV_IRQHandler                       0x0800017f   Thumb Code     0  startup_stm32f10x_hd.o(.text)
    PVD_IRQHandler                           0x0800017f   Thumb Code     0  startup_stm32f10x_hd.o(.text)
    RCC_IRQHandler                           0x0800017f   Thumb Code     0  startup_stm32f10x_hd.o(.text)
    RTCAlarm_IRQHandler                      0x0800017f   Thumb Code     0  startup_stm32f10x_hd.o(.text)
    RTC_IRQHandler                           0x0800017f   Thumb Code     0  startup_stm32f10x_hd.o(.text)
    SDIO_IRQHandler                          0x0800017f   Thumb Code     0  startup_stm32f10x_hd.o(.text)
    SPI1_IRQHandler                          0x0800017f   Thumb Code     0  startup_stm32f10x_hd.o(.text)
    SPI2_IRQHandler                          0x0800017f   Thumb Code     0  startup_stm32f10x_hd.o(.text)
    SPI3_IRQHandler                          0x0800017f   Thumb Code     0  startup_stm32f10x_hd.o(.text)
    TAMPER_IRQHandler                        0x0800017f   Thumb Code     0  startup_stm32f10x_hd.o(.text)
    TIM1_BRK_IRQHandler                      0x0800017f   Thumb Code     0  startup_stm32f10x_hd.o(.text)
    TIM1_CC_IRQHandler                       0x0800017f   Thumb Code     0  startup_stm32f10x_hd.o(.text)
    TIM1_TRG_COM_IRQHandler                  0x0800017f   Thumb Code     0  startup_stm32f10x_hd.o(.text)
    TIM1_UP_IRQHandler                       0x0800017f   Thumb Code     0  startup_stm32f10x_hd.o(.text)
    TIM2_IRQHandler                          0x0800017f   Thumb Code     0  startup_stm32f10x_hd.o(.text)
    TIM3_IRQHandler                          0x0800017f   Thumb Code     0  startup_stm32f10x_hd.o(.text)
    TIM4_IRQHandler                          0x0800017f   Thumb Code     0  startup_stm32f10x_hd.o(.text)
    TIM5_IRQHandler                          0x0800017f   Thumb Code     0  startup_stm32f10x_hd.o(.text)
    TIM6_IRQHandler                          0x0800017f   Thumb Code     0  startup_stm32f10x_hd.o(.text)
    TIM7_IRQHandler                          0x0800017f   Thumb Code     0  startup_stm32f10x_hd.o(.text)
    TIM8_BRK_IRQHandler                      0x0800017f   Thumb Code     0  startup_stm32f10x_hd.o(.text)
    TIM8_CC_IRQHandler                       0x0800017f   Thumb Code     0  startup_stm32f10x_hd.o(.text)
    TIM8_TRG_COM_IRQHandler                  0x0800017f   Thumb Code     0  startup_stm32f10x_hd.o(.text)
    TIM8_UP_IRQHandler                       0x0800017f   Thumb Code     0  startup_stm32f10x_hd.o(.text)
    UART4_IRQHandler                         0x0800017f   Thumb Code     0  startup_stm32f10x_hd.o(.text)
    UART5_IRQHandler                         0x0800017f   Thumb Code     0  startup_stm32f10x_hd.o(.text)
    USART2_IRQHandler                        0x0800017f   Thumb Code     0  startup_stm32f10x_hd.o(.text)
    USART3_IRQHandler                        0x0800017f   Thumb Code     0  startup_stm32f10x_hd.o(.text)
    USBWakeUp_IRQHandler                     0x0800017f   Thumb Code     0  startup_stm32f10x_hd.o(.text)
    USB_HP_CAN1_TX_IRQHandler                0x0800017f   Thumb Code     0  startup_stm32f10x_hd.o(.text)
    USB_LP_CAN1_RX0_IRQHandler               0x0800017f   Thumb Code     0  startup_stm32f10x_hd.o(.text)
    WWDG_IRQHandler                          0x0800017f   Thumb Code     0  startup_stm32f10x_hd.o(.text)
    __aeabi_memset                           0x08000189   Thumb Code    14  memseta.o(.text)
    __aeabi_memset4                          0x08000189   Thumb Code     0  memseta.o(.text)
    __aeabi_memset8                          0x08000189   Thumb Code     0  memseta.o(.text)
    __aeabi_memclr                           0x08000197   Thumb Code     4  memseta.o(.text)
    __aeabi_memclr4                          0x08000197   Thumb Code     0  memseta.o(.text)
    __aeabi_memclr8                          0x08000197   Thumb Code     0  memseta.o(.text)
    _memset$wrapper                          0x0800019b   Thumb Code    18  memseta.o(.text)
    __scatterload                            0x080001ad   Thumb Code    28  init.o(.text)
    __scatterload_rt2                        0x080001ad   Thumb Code     0  init.o(.text)
    __decompress                             0x080001d1   Thumb Code     0  __dczerorl.o(.text)
    __decompress0                            0x080001d1   Thumb Code    58  __dczerorl.o(.text)
    CRC8_table                               0x0800020d   Thumb Code    22  stm32f103_flash_u.o(i.CRC8_table)
    FLASH_ErasePage                          0x08000229   Thumb Code    56  stm32f10x_flash.o(i.FLASH_ErasePage)
    FLASH_GetBank1Status                     0x08000265   Thumb Code    34  stm32f10x_flash.o(i.FLASH_GetBank1Status)
    FLASH_Lock                               0x0800028d   Thumb Code    12  stm32f10x_flash.o(i.FLASH_Lock)
    FLASH_ProgramHalfWord                    0x0800029d   Thumb Code    48  stm32f10x_flash.o(i.FLASH_ProgramHalfWord)
    FLASH_Unlock                             0x080002d1   Thumb Code    12  stm32f10x_flash.o(i.FLASH_Unlock)
    FLASH_WaitForLastOperation               0x080002e9   Thumb Code    36  stm32f10x_flash.o(i.FLASH_WaitForLastOperation)
    FlashReadStr                             0x0800030d   Thumb Code    46  stm32f103_flash_u.o(i.FlashReadStr)
    FlashWriteStr                            0x08000341   Thumb Code    72  stm32f103_flash_u.o(i.FlashWriteStr)
    GPIO_Init                                0x0800038d   Thumb Code   158  stm32f10x_gpio.o(i.GPIO_Init)
    NVIC_Configuration                       0x0800042b   Thumb Code    40  stm32f103_uart_u.o(i.NVIC_Configuration)
    NVIC_Init                                0x08000455   Thumb Code    90  misc.o(i.NVIC_Init)
    NVIC_PriorityGroupConfig                 0x080004b9   Thumb Code    10  misc.o(i.NVIC_PriorityGroupConfig)
    RCC_APB2PeriphClockCmd                   0x080004cd   Thumb Code    18  stm32f10x_rcc.o(i.RCC_APB2PeriphClockCmd)
    RCC_Configuration                        0x080004e5   Thumb Code    20  main.o(i.RCC_Configuration)
    RCC_GetClocksFreq                        0x080004f9   Thumb Code   130  stm32f10x_rcc.o(i.RCC_GetClocksFreq)
    SysTick_Handler                          0x08000635   Thumb Code    28  main.o(i.SysTick_Handler)
    SystemInit                               0x08000659   Thumb Code    64  system_stm32f10x.o(i.SystemInit)
    UART_Send                                0x080006a9   Thumb Code    24  stm32f103_uart_u.o(i.UART_Send)
    UART_send_byte                           0x080006c1   Thumb Code    26  stm32f103_uart_u.o(i.UART_send_byte)
    USART1_IRQHandler                        0x080006e1   Thumb Code   178  stm32f103_uart_u.o(i.USART1_IRQHandler)
    USART_Cmd                                0x080007a5   Thumb Code    20  stm32f10x_usart.o(i.USART_Cmd)
    USART_Configuration                      0x080007b9   Thumb Code   122  stm32f103_uart_u.o(i.USART_Configuration)
    USART_GetFlagStatus                      0x0800083d   Thumb Code    14  stm32f10x_usart.o(i.USART_GetFlagStatus)
    USART_GetITStatus                        0x0800084b   Thumb Code    62  stm32f10x_usart.o(i.USART_GetITStatus)
    USART_ITConfig                           0x08000889   Thumb Code    48  stm32f10x_usart.o(i.USART_ITConfig)
    USART_Init                               0x080008b9   Thumb Code   176  stm32f10x_usart.o(i.USART_Init)
    USART_ReceiveData                        0x0800096d   Thumb Code     8  stm32f10x_usart.o(i.USART_ReceiveData)
    USART_SendData                           0x08000975   Thumb Code     8  stm32f10x_usart.o(i.USART_SendData)
    __scatterload_copy                       0x0800097d   Thumb Code    14  handlers.o(i.__scatterload_copy)
    __scatterload_null                       0x0800098b   Thumb Code     2  handlers.o(i.__scatterload_null)
    __scatterload_zeroinit                   0x0800098d   Thumb Code    14  handlers.o(i.__scatterload_zeroinit)
    boot_init                                0x0800099d   Thumb Code   208  stm32f103_flash_u.o(i.boot_init)
    code_crc8                                0x08000a81   Thumb Code    88  stm32f103_flash_u.o(i.code_crc8)
    main                                     0x08000add   Thumb Code   150  main.o(i.main)
    uart_reply                               0x08000b95   Thumb Code   642  stm32f103_uart_u.o(i.uart_reply)
    Region$$Table$$Base                      0x08000e3c   Number         0  anon$$obj.o(Region$$Table)
    Region$$Table$$Limit                     0x08000e5c   Number         0  anon$$obj.o(Region$$Table)
    timingDelay_sign                         0x20000000   Data           4  main.o(.data)
    Jump_To_Application                      0x20000004   Data           4  main.o(.data)
    JumpAddress                              0x20000008   Data           4  main.o(.data)
    TimingDelay                              0x2000000c   Data           4  main.o(.data)
    my_unTemp16                              0x20000010   Data           4  stm32f103_flash_u.o(.data)
    CRC8Table                                0x20000014   Data         256  stm32f103_flash_u.o(.data)
    eu_uart_sign                             0x20000114   Data           1  stm32f103_uart_u.o(.data)
    uart_cmd                                 0x20000115   Data           1  stm32f103_uart_u.o(.data)
    uart_data_cnt                            0x20000116   Data           2  stm32f103_uart_u.o(.data)
    UartReTimingDelay                        0x2000011c   Data           4  stm32f103_uart_u.o(.data)
    flash_1K_add                             0x20000120   Data           4  stm32f103_uart_u.o(.data)
    flash_code_add                           0x20000124   Data           4  stm32f103_uart_u.o(.data)
    flash_page_data                          0x2000013c   Data        2048  stm32f103_flash_u.o(.bss)
    Tab                                      0x2000093c   Data         266  stm32f103_uart_u.o(.bss)
    st_code_info                             0x20000a48   Data          16  stm32f103_uart_u.o(.bss)
    __initial_sp                             0x20000e58   Data           0  startup_stm32f10x_hd.o(STACK)



==============================================================================

Memory Map of the image

  Image Entry point : 0x08000131

  Load Region LR_IROM1 (Base: 0x08000000, Size: 0x00000f98, Max: 0x00001000, ABSOLUTE, COMPRESSED[0x00000f78])

    Execution Region ER_IROM1 (Base: 0x08000000, Size: 0x00000e5c, Max: 0x00001000, ABSOLUTE)

    Base Addr    Size         Type   Attr      Idx    E Section Name        Object

    0x08000000   0x00000130   Data   RO            3    RESET               startup_stm32f10x_hd.o
    0x08000130   0x00000000   Code   RO          945  * .ARM.Collect$$$$00000000  mc_w.l(entry.o)
    0x08000130   0x00000004   Code   RO          950    .ARM.Collect$$$$00000001  mc_w.l(entry2.o)
    0x08000134   0x00000004   Code   RO          953    .ARM.Collect$$$$00000004  mc_w.l(entry5.o)
    0x08000138   0x00000000   Code   RO          955    .ARM.Collect$$$$00000008  mc_w.l(entry7b.o)
    0x08000138   0x00000000   Code   RO          957    .ARM.Collect$$$$0000000A  mc_w.l(entry8b.o)
    0x08000138   0x00000008   Code   RO          958    .ARM.Collect$$$$0000000B  mc_w.l(entry9a.o)
    0x08000140   0x00000000   Code   RO          960    .ARM.Collect$$$$0000000D  mc_w.l(entry10a.o)
    0x08000140   0x00000000   Code   RO          962    .ARM.Collect$$$$0000000F  mc_w.l(entry11a.o)
    0x08000140   0x00000004   Code   RO          951    .ARM.Collect$$$$00002712  mc_w.l(entry2.o)
    0x08000144   0x00000020   Code   RO          899    .emb_text           core_cm3.o
    0x08000164   0x00000024   Code   RO            4    .text               startup_stm32f10x_hd.o
    0x08000188   0x00000024   Code   RO          948    .text               mc_w.l(memseta.o)
    0x080001ac   0x00000024   Code   RO          964    .text               mc_w.l(init.o)
    0x080001d0   0x0000003a   Code   RO          974    .text               mc_w.l(__dczerorl.o)
    0x0800020a   0x00000002   PAD
    0x0800020c   0x0000001c   Code   RO           86    i.CRC8_table        stm32f103_flash_u.o
    0x08000228   0x0000003c   Code   RO          552    i.FLASH_ErasePage   stm32f10x_flash.o
    0x08000264   0x00000028   Code   RO          553    i.FLASH_GetBank1Status  stm32f10x_flash.o
    0x0800028c   0x00000010   Code   RO          562    i.FLASH_Lock        stm32f10x_flash.o
    0x0800029c   0x00000034   Code   RO          565    i.FLASH_ProgramHalfWord  stm32f10x_flash.o
    0x080002d0   0x00000018   Code   RO          570    i.FLASH_Unlock      stm32f10x_flash.o
    0x080002e8   0x00000024   Code   RO          574    i.FLASH_WaitForLastOperation  stm32f10x_flash.o
    0x0800030c   0x00000034   Code   RO           87    i.FlashReadStr      stm32f103_flash_u.o
    0x08000340   0x0000004c   Code   RO           88    i.FlashWriteStr     stm32f103_flash_u.o
    0x0800038c   0x0000009e   Code   RO          203    i.GPIO_Init         stm32f10x_gpio.o
    0x0800042a   0x00000028   Code   RO          136    i.NVIC_Configuration  stm32f103_uart_u.o
    0x08000452   0x00000002   PAD
    0x08000454   0x00000064   Code   RO          511    i.NVIC_Init         misc.o
    0x080004b8   0x00000014   Code   RO          512    i.NVIC_PriorityGroupConfig  misc.o
    0x080004cc   0x00000018   Code   RO          315    i.RCC_APB2PeriphClockCmd  stm32f10x_rcc.o
    0x080004e4   0x00000014   Code   RO           12    i.RCC_Configuration  main.o
    0x080004f8   0x00000094   Code   RO          323    i.RCC_GetClocksFreq  stm32f10x_rcc.o
    0x0800058c   0x000000a8   Code   RO          909    i.SetSysClockTo72   system_stm32f10x.o
    0x08000634   0x00000024   Code   RO           13    i.SysTick_Handler   main.o
    0x08000658   0x00000050   Code   RO          911    i.SystemInit        system_stm32f10x.o
    0x080006a8   0x00000018   Code   RO          137    i.UART_Send         stm32f103_uart_u.o
    0x080006c0   0x00000020   Code   RO          138    i.UART_send_byte    stm32f103_uart_u.o
    0x080006e0   0x000000c4   Code   RO          139    i.USART1_IRQHandler  stm32f103_uart_u.o
    0x080007a4   0x00000014   Code   RO          723    i.USART_Cmd         stm32f10x_usart.o
    0x080007b8   0x00000084   Code   RO          140    i.USART_Configuration  stm32f103_uart_u.o
    0x0800083c   0x0000000e   Code   RO          726    i.USART_GetFlagStatus  stm32f10x_usart.o
    0x0800084a   0x0000003e   Code   RO          727    i.USART_GetITStatus  stm32f10x_usart.o
    0x08000888   0x00000030   Code   RO          729    i.USART_ITConfig    stm32f10x_usart.o
    0x080008b8   0x000000b4   Code   RO          730    i.USART_Init        stm32f10x_usart.o
    0x0800096c   0x00000008   Code   RO          737    i.USART_ReceiveData  stm32f10x_usart.o
    0x08000974   0x00000008   Code   RO          740    i.USART_SendData    stm32f10x_usart.o
    0x0800097c   0x0000000e   Code   RO          968    i.__scatterload_copy  mc_w.l(handlers.o)
    0x0800098a   0x00000002   Code   RO          969    i.__scatterload_null  mc_w.l(handlers.o)
    0x0800098c   0x0000000e   Code   RO          970    i.__scatterload_zeroinit  mc_w.l(handlers.o)
    0x0800099a   0x00000002   PAD
    0x0800099c   0x000000e4   Code   RO           89    i.boot_init         stm32f103_flash_u.o
    0x08000a80   0x0000005c   Code   RO           90    i.code_crc8         stm32f103_flash_u.o
    0x08000adc   0x000000b8   Code   RO           15    i.main              main.o
    0x08000b94   0x000002a8   Code   RO          141    i.uart_reply        stm32f103_uart_u.o
    0x08000e3c   0x00000020   Data   RO          966    Region$$Table       anon$$obj.o


    Execution Region RW_IRAM1 (Base: 0x20000000, Size: 0x00000e58, Max: 0x00010000, ABSOLUTE, COMPRESSED[0x0000011c])

    Base Addr    Size         Type   Attr      Idx    E Section Name        Object

    0x20000000   0x00000010   Data   RW           16    .data               main.o
    0x20000010   0x00000104   Data   RW           92    .data               stm32f103_flash_u.o
    0x20000114   0x00000014   Data   RW          143    .data               stm32f103_uart_u.o
    0x20000128   0x00000014   Data   RW          343    .data               stm32f10x_rcc.o
    0x2000013c   0x00000800   Zero   RW           91    .bss                stm32f103_flash_u.o
    0x2000093c   0x0000011c   Zero   RW          142    .bss                stm32f103_uart_u.o
    0x20000a58   0x00000400   Zero   RW            1    STACK               startup_stm32f10x_hd.o


==============================================================================

Image component sizes


      Code (inc. data)   RO Data    RW Data    ZI Data      Debug   Object Name

        32          0          0          0          0        464   core_cm3.o
       240         42          0         16          0     242651   main.o
       120         20          0          0          0       1175   misc.o
        36          8        304          0       1024        764   startup_stm32f10x_hd.o
       476         40          0        260       2048      10485   stm32f103_flash_u.o
      1104         72          0         20        284      27444   stm32f103_uart_u.o
       228         30          0          0          0       4451   stm32f10x_flash.o
       158          0          0          0          0       1588   stm32f10x_gpio.o
       172         24          0         20          0       3485   stm32f10x_rcc.o
       340          4          0          0          0       5009   stm32f10x_usart.o
       248         24          0          0          0       1325   system_stm32f10x.o

    ----------------------------------------------------------------------
      3156        264        336        316       3356     298841   Object Totals
         0          0         32          0          0          0   (incl. Generated)
         2          0          0          0          0          0   (incl. Padding)

    ----------------------------------------------------------------------

      Code (inc. data)   RO Data    RW Data    ZI Data      Debug   Library Member Name

        58          0          0          0          0          0   __dczerorl.o
         0          0          0          0          0          0   entry.o
         0          0          0          0          0          0   entry10a.o
         0          0          0          0          0          0   entry11a.o
         8          4          0          0          0          0   entry2.o
         4          0          0          0          0          0   entry5.o
         0          0          0          0          0          0   entry7b.o
         0          0          0          0          0          0   entry8b.o
         8          4          0          0          0          0   entry9a.o
        30          0          0          0          0          0   handlers.o
        36          8          0          0          0         68   init.o
        36          0          0          0          0        108   memseta.o

    ----------------------------------------------------------------------
       184         16          0          0          0        176   Library Totals
         4          0          0          0          0          0   (incl. Padding)

    ----------------------------------------------------------------------

      Code (inc. data)   RO Data    RW Data    ZI Data      Debug   Library Name

       180         16          0          0          0        176   mc_w.l

    ----------------------------------------------------------------------
       184         16          0          0          0        176   Library Totals

    ----------------------------------------------------------------------

==============================================================================


      Code (inc. data)   RO Data    RW Data    ZI Data      Debug   

      3340        280        336        316       3356     297353   Grand Totals
      3340        280        336        284       3356     297353   ELF Image Totals (compressed)
      3340        280        336        284          0          0   ROM Totals

==============================================================================

    Total RO  Size (Code + RO Data)                 3676 (   3.59kB)
    Total RW  Size (RW Data + ZI Data)              3672 (   3.59kB)
    Total ROM Size (Code + RO Data + RW Data)       3960 (   3.87kB)

==============================================================================

